[corpthemes.com/html/isuzu/index04b9.html]
[backblue.gif]
[fade.gif]
[index.html]
[corpthemes.com/html/isuzu/stylesheets/animate.css]
[corpthemes.com/html/isuzu/icon/apple-touch-icon-48-precomposed.png]
[corpthemes.com/html/isuzu/icon/apple-touch-icon-32-precomposed.png]
[corpthemes.com/html/isuzu/icon/favicon.png]
[corpthemes.com/html/isuzu/+84905010025]
[corpthemes.com/html/isuzu/index.html]
[corpthemes.com/html/isuzu/images/logo-2.png]
[corpthemes.com/html/isuzu/index2.html]
[corpthemes.com/html/isuzu/index3.html]
[corpthemes.com/html/isuzu/index4.html]
[corpthemes.com/html/isuzu/about.html]
[corpthemes.com/html/isuzu/services.html]
[corpthemes.com/html/isuzu/work.html]
[corpthemes.com/html/isuzu/work-simple.html]
[corpthemes.com/html/isuzu/work-alt.html]
[corpthemes.com/html/isuzu/work-masonry.html]
[corpthemes.com/html/isuzu/work-justify.html]
[corpthemes.com/html/isuzu/work-detail.html]
[corpthemes.com/html/isuzu/work-detail-fullscreen.html]
[corpthemes.com/html/isuzu/work-detail-video.html]
[corpthemes.com/html/isuzu/work-detail-stack.html]
[corpthemes.com/html/isuzu/work-detail-gallery.html]
[corpthemes.com/html/isuzu/work-detail-slider.html]
[corpthemes.com/html/isuzu/contact.html]
[corpthemes.com/html/isuzu/blog.html]
[corpthemes.com/html/isuzu/blog-single.html]
[corpthemes.com/html/isuzu/images/slides/1.jpg]
[corpthemes.com/html/isuzu/images/slides/2.jpg]
[corpthemes.com/html/isuzu/images/slides/3.jpg]
[corpthemes.com/html/isuzu/images/portfolio/simple/1.jpg]
[corpthemes.com/html/isuzu/images/portfolio/5.jpg]
[corpthemes.com/html/isuzu/images/portfolio/simple/2.jpg]
[corpthemes.com/html/isuzu/images/portfolio/simple/3.jpg]
[corpthemes.com/html/isuzu/images/portfolio/simple/4.jpg]
[corpthemes.com/html/isuzu/images/portfolio/simple/5.jpg]
[corpthemes.com/html/isuzu/images/portfolio/simple/6.jpg]
[corpthemes.com/html/isuzu/images/blog/comment4.jpg]
[corpthemes.com/html/isuzu/images/blog/comment3.jpg]
[corpthemes.com/html/isuzu/javascript/jquery.min.js]
[corpthemes.com/html/isuzu/javascript/bootstrap.min.js]
[corpthemes.com/html/isuzu/javascript/jquery.easing.js]
[corpthemes.com/html/isuzu/javascript/jquery-waypoints.js]
[corpthemes.com/html/isuzu/javascript/jquery-countTo.js]
[corpthemes.com/html/isuzu/javascript/jquery.cookie.js]
[corpthemes.com/html/isuzu/javascript/jquery.fitvids.js]
[corpthemes.com/html/isuzu/javascript/parallax.js]
[corpthemes.com/html/isuzu/javascript/imagesloaded.min.js]
[corpthemes.com/html/isuzu/javascript/jquery.isotope.min.js]
[corpthemes.com/html/isuzu/javascript/jquery.magnific-popup.min.js]
[corpthemes.com/html/isuzu/javascript/owl.carousel.js]
[corpthemes.com/html/isuzu/javascript/jquery.flexslider-min.js]
[corpthemes.com/html/isuzu/javascript/jquery.themepunch.tools.min.js]
[corpthemes.com/html/isuzu/javascript/main.js]
[corpthemes.com/html/isuzu/javascript/jquery.themepunch.revolution.min.js]
[corpthemes.com/html/isuzu/javascript/slider.js]
[corpthemes.com/html/isuzu/index04b9.html]
[corpthemes.com/html/isuzu/fonts/glyphicons-halflings-regular.eot]
[corpthemes.com/html/isuzu/fonts/glyphicons-halflings-regulard41d.eot]
[corpthemes.com/html/isuzu/fonts/glyphicons-halflings-regular.woff2]
[corpthemes.com/html/isuzu/fonts/glyphicons-halflings-regular.woff]
[corpthemes.com/html/isuzu/fonts/glyphicons-halflings-regular.ttf]
[corpthemes.com/html/isuzu/fonts/glyphicons-halflings-regular.svg]
[corpthemes.com/html/isuzu/stylesheets/bootstrap.css]
[corpthemes.com/html/isuzu/stylesheets/revolution-slider.css]
[corpthemes.com/html/isuzu/images/bg-footer.png]
[corpthemes.com/html/isuzu/images/off-canvas.jpg]
[corpthemes.com/html/isuzu/images/parallax/bg-parallax1.jpg]
[corpthemes.com/html/isuzu/images/parallax/bg-parallax2.jpg]
[corpthemes.com/html/isuzu/images/parallax/bg-parallax3.jpg]
[corpthemes.com/html/isuzu/images/parallax/bg-parallax4.4f.delayed]
[corpthemes.com/html/isuzu/images/parallax/bg-parallax5.jpg]
[corpthemes.com/html/isuzu/stylesheets/style.css]
[corpthemes.com/html/isuzu/stylesheets/responsive.css]
[corpthemes.com/html/isuzu/stylesheets/colors/color1.css]
[corpthemes.com/html/isuzu/stylesheets/animate.css]
[corpthemes.com/html/isuzu/+84905010025.html]
[corpthemes.com/html/isuzu/index.html]
[corpthemes.com/html/isuzu/images/portfolio/simple/2.1.jpg]
[corpthemes.com/html/isuzu/images/portfolio/simple/2.2.jpg]
[corpthemes.com/html/isuzu/images/portfolio/simple/2.3.jpg]
[corpthemes.com/html/isuzu/images/portfolio/simple/2.4.jpg]
[corpthemes.com/html/isuzu/images/portfolio/simple/7.jpg]
[corpthemes.com/html/isuzu/index2.html]
[corpthemes.com/html/isuzu/images/logo.png]
[corpthemes.com/html/isuzu/images/portfolio/simple/8.jpg]
[corpthemes.com/html/isuzu/images/portfolio/simple/9.jpg]
[corpthemes.com/html/isuzu/images/portfolio/simple/10.jpg]
[corpthemes.com/html/isuzu/images/portfolio/simple/11.jpg]
[corpthemes.com/html/isuzu/images/portfolio/simple/12.jpg]
[corpthemes.com/html/isuzu/index3.html]
[corpthemes.com/html/isuzu/images/portfolio/simple/3.1.jpg]
[corpthemes.com/html/isuzu/images/portfolio/simple/3.3.jpg]
[corpthemes.com/html/isuzu/images/portfolio/simple/3.4.jpg]
[corpthemes.com/html/isuzu/images/portfolio/simple/3.9.jpg]
[corpthemes.com/html/isuzu/images/portfolio/simple/3.533.jpg]
[corpthemes.com/html/isuzu/images/testimonial/1.jpg]
[corpthemes.com/html/isuzu/images/testimonial/2.jpg]
[corpthemes.com/html/isuzu/index4.html]
[corpthemes.com/html/isuzu/about.html]
[corpthemes.com/html/isuzu/images/services/1.jpg]
[corpthemes.com/html/isuzu/images/services/2.jpg]
[corpthemes.com/html/isuzu/images/services/3.jpg]
[corpthemes.com/html/isuzu/images/services/7.jpg]
[corpthemes.com/html/isuzu/images/services/8.jpg]
[corpthemes.com/html/isuzu/images/services/9.jpg]
[corpthemes.com/html/isuzu/services.html]
[corpthemes.com/html/isuzu/work.html]
[corpthemes.com/html/isuzu/work-simple.html]
[corpthemes.com/html/isuzu/work-alt.html]
[corpthemes.com/html/isuzu/images/portfolio/1.jpg]
[corpthemes.com/html/isuzu/images/portfolio/2.jpg]
[corpthemes.com/html/isuzu/images/portfolio/3.jpg]
[corpthemes.com/html/isuzu/images/portfolio/4.jpg]
[corpthemes.com/html/isuzu/images/portfolio/6.jpg]
[corpthemes.com/html/isuzu/images/portfolio/7single.jpg]
[corpthemes.com/html/isuzu/images/portfolio/8.jpg]
[corpthemes.com/html/isuzu/work-masonry.html]
[corpthemes.com/html/isuzu/images/portfolio/simple/5justify.jpg]
[corpthemes.com/html/isuzu/work-justify.html]
[corpthemes.com/html/isuzu/work-detail.html]
[corpthemes.com/html/isuzu/images/portfolio/single/single.jpg]
[corpthemes.com/html/isuzu/work-detail-fullscreen.html]
[corpthemes.com/html/isuzu/work-detail-video.html]
[corpthemes.com/html/isuzu/work-detail-stack.html]
[corpthemes.com/html/isuzu/images/portfolio/single/gallery1.jpg]
[corpthemes.com/html/isuzu/images/portfolio/single/gallery3.jpg]
[corpthemes.com/html/isuzu/images/portfolio/single/gallery4.jpg]
[corpthemes.com/html/isuzu/images/portfolio/single/gallery2.jpg]
[corpthemes.com/html/isuzu/work-detail-gallery.html]
[corpthemes.com/html/isuzu/work-detail-slider.html]
[corpthemes.com/html/isuzu/javascript/jquery-validate.js]
[corpthemes.com/html/isuzu/contact.html]
[corpthemes.com/html/isuzu/images/blog/2.jpg]
[corpthemes.com/html/isuzu/blog-single-v1.html]
[corpthemes.com/html/isuzu/images/blog/3.jpg]
[corpthemes.com/html/isuzu/images/blog/1.jpg]
[corpthemes.com/html/isuzu/images/blog/s1.jpg]
[corpthemes.com/html/isuzu/images/blog/s3.jpg]
[corpthemes.com/html/isuzu/images/blog/s2.jpg]
[corpthemes.com/html/isuzu/blog.html]
[corpthemes.com/html/isuzu/blog-single.html]
[corpthemes.com/html/isuzu/fonts/glyphicons-halflings-regular.html]
[corpthemes.com/html/isuzu/fonts/glyphicons-halflings-regulard41d.html]
[corpthemes.com/html/isuzu/fonts/glyphicons-halflings-regular-2.html]
[corpthemes.com/html/isuzu/fonts/glyphicons-halflings-regular-3.html]
[corpthemes.com/html/isuzu/fonts/glyphicons-halflings-regular-4.html]
[corpthemes.com/html/isuzu/fonts/glyphicons-halflings-regular-5.html]
[corpthemes.com/html/isuzu/fonts/fontawesome-webfonte0a5.eot]
[corpthemes.com/html/isuzu/fonts/fontawesome-webfontd41d.eot]
[corpthemes.com/html/isuzu/fonts/fontawesome-webfonte0a5.woff2]
[corpthemes.com/html/isuzu/fonts/fontawesome-webfonte0a5.woff]
[corpthemes.com/html/isuzu/fonts/fontawesome-webfonte0a5.ttf]
[corpthemes.com/html/isuzu/stylesheets/font-awesome.css]
[corpthemes.com/html/isuzu/fonts/icomoonca27.eot]
[corpthemes.com/html/isuzu/fonts/icomoond41d.eot]
[corpthemes.com/html/isuzu/fonts/icomoonca27.woff]
[corpthemes.com/html/isuzu/fonts/icomoonca27.ttf]
[corpthemes.com/html/isuzu/stylesheets/icomoon.css]
[corpthemes.com/html/isuzu/stylesheets/fonts/flexslider-icon.89.delayed]
[corpthemes.com/html/isuzu/stylesheets/fonts/flexslider-icon.8ad41d.delayed]
[corpthemes.com/html/isuzu/stylesheets/fonts/flexslider-icon.woff]
[corpthemes.com/html/isuzu/stylesheets/fonts/flexslider-icon.ttf]
[corpthemes.com/html/isuzu/stylesheets/fonts/flexslider-icon.svg]
[corpthemes.com/html/isuzu/stylesheets/flexslider.css]
[corpthemes.com/html/isuzu/stylesheets/owl.video.play.8e.delayed]
[corpthemes.com/html/isuzu/stylesheets/owl.carousel.css]
[corpthemes.com/html/isuzu/images/about.jpg]
[corpthemes.com/html/isuzu/images/icon-zoom.png]
[corpthemes.com/html/isuzu/stylesheets/shortcodes.css]
[corpthemes.com/html/img/revolution-slider/gradient/g30.91.delayed]
[corpthemes.com/html/img/revolution-slider/gradient/g40.png]
[corpthemes.com/html/assets/revolution-slider/shadow1.png]
[corpthemes.com/html/assets/revolution-slider/shadow2.png]
[corpthemes.com/html/assets/revolution-slider/shadow3.png]
[corpthemes.com/html/assets/revolution-slider/gridtile.png]
[corpthemes.com/html/assets/revolution-slider/gridtile_white.png]
[corpthemes.com/html/assets/revolution-slider/gridtile_3x3.png]
[corpthemes.com/html/assets/revolution-slider/gridtile_3x3_white.png]
[corpthemes.com/html/assets/revolution-slider/boxed_bgtile.png]
[corpthemes.com/html/assets/revolution-slider/navigdots_bgtile.png]
[corpthemes.com/html/assets/revolution-slider/bullet.png]
[corpthemes.com/html/assets/revolution-slider/bullets.png]
[corpthemes.com/html/assets/revolution-slider/bullets2.png]
[corpthemes.com/html/assets/revolution-slider/bullet_boxed.png]
[corpthemes.com/html/assets/revolution-slider/navigdots.png]
[corpthemes.com/html/assets/revolution-slider/small_left.png]
[corpthemes.com/html/assets/revolution-slider/small_right.png]
[corpthemes.com/html/assets/revolution-slider/arrow_left.png]
[corpthemes.com/html/assets/revolution-slider/arrow_right.png]
[corpthemes.com/html/assets/revolution-slider/small_left_boxed.png]
[corpthemes.com/html/assets/revolution-slider/small_right_boxed.png]
[corpthemes.com/html/assets/revolution-slider/arrowleft.png]
[corpthemes.com/html/assets/revolution-slider/arrowright.png]
[corpthemes.com/html/isuzu/images/slides/timer.png]
[corpthemes.com/html/assets/revolution-slider/coloredbg.png]
[corpthemes.com/html/assets/revolution-slider/loader.gif]
[corpthemes.com/html/isuzu/font/revicons90c690c6.eot]
[corpthemes.com/html/isuzu/font/revicons90c690c6.woff]
[corpthemes.com/html/isuzu/font/revicons90c690c6.ttf]
[corpthemes.com/html/isuzu/font/revicons90c690c6.svg]
[corpthemes.com/html/isuzu/stylesheets/revolution-slider.css]
[corpthemes.com/html/isuzu/stylesheets/magnific-popup.css]
[corpthemes.com/html/isuzu/images/search.svg]
[corpthemes.com/html/isuzu/images/parallax/bg-parallax4.html]
[corpthemes.com/html/isuzu/blog-single-v1.html]
[corpthemes.com/html/isuzu/fonts/fontawesome-webfonte0a5.svg]
[corpthemes.com/html/isuzu/fonts/icomoonca27.svg]
[corpthemes.com/html/isuzu/stylesheets/fonts/flexslider-icon.html]
[corpthemes.com/html/isuzu/stylesheets/fonts/flexslider-icond41d.html]
[corpthemes.com/html/isuzu/stylesheets/fonts/flexslider-icon-2.html]
[corpthemes.com/html/isuzu/stylesheets/owl.video.play.html]
[corpthemes.com/html/img/revolution-slider/gradient/g30.html]
[corpthemes.com/html/img/revolution-slider/gradient/g40.html]
[corpthemes.com/html/assets/revolution-slider/shadow1.html]
[corpthemes.com/html/assets/revolution-slider/shadow2.html]
[corpthemes.com/html/assets/revolution-slider/shadow3.html]
[corpthemes.com/html/assets/revolution-slider/gridtile.html]
[corpthemes.com/html/assets/revolution-slider/gridtile_white.html]
[corpthemes.com/html/assets/revolution-slider/gridtile_3x3.html]
[corpthemes.com/html/assets/revolution-slider/gridtile_3x3_white.html]
[corpthemes.com/html/assets/revolution-slider/boxed_bgtile.html]
[corpthemes.com/html/assets/revolution-slider/navigdots_bgtile.html]
[corpthemes.com/html/assets/revolution-slider/bullet.html]
[corpthemes.com/html/assets/revolution-slider/bullets.html]
[corpthemes.com/html/assets/revolution-slider/bullets2.html]
[corpthemes.com/html/assets/revolution-slider/bullet_boxed.html]
[corpthemes.com/html/assets/revolution-slider/navigdots.html]
[corpthemes.com/html/assets/revolution-slider/small_left.html]
[corpthemes.com/html/assets/revolution-slider/small_right.html]
[corpthemes.com/html/assets/revolution-slider/arrow_left.html]
[corpthemes.com/html/assets/revolution-slider/arrow_right.html]
[corpthemes.com/html/assets/revolution-slider/small_left_boxed.html]
[corpthemes.com/html/assets/revolution-slider/small_right_boxed.html]
[corpthemes.com/html/assets/revolution-slider/arrowleft.html]
[corpthemes.com/html/assets/revolution-slider/arrowright.html]
[corpthemes.com/html/assets/revolution-slider/coloredbg.html]
[corpthemes.com/html/assets/revolution-slider/loader.html]
[corpthemes.com/html/isuzu/font/revicons90c690c6.html]
[corpthemes.com/html/isuzu/font/revicons90c690c6-2.html]
[corpthemes.com/html/isuzu/font/revicons90c690c6-3.html]
[corpthemes.com/html/isuzu/font/revicons90c690c6-4.html]
